hooks/useClipboard.ts(4,23): error TS2307: Cannot find module 'sonner' or its corresponding type declarations.
hooks/useForegroundNotifications.ts(4,32): error TS2307: Cannot find module '@/lib/firebase-client' or its corresponding type declarations.
hooks/useForegroundNotifications.ts(5,41): error TS2307: Cannot find module 'firebase/messaging' or its corresponding type declarations.
hooks/useForegroundNotifications.ts(7,23): error TS2307: Cannot find module 'sonner' or its corresponding type declarations.
hooks/useForegroundNotifications.ts(21,49): error TS7006: Parameter 'payload' implicitly has an 'any' type.
hooks/useNotificationPreferences.ts(8,23): error TS2307: Cannot find module 'sonner' or its corresponding type declarations.
hooks/useNotifications.ts(5,23): error TS2307: Cannot find module 'sonner' or its corresponding type declarations.
hooks/usePasscode.ts(6,23): error TS2307: Cannot find module 'sonner' or its corresponding type declarations.
hooks/useReferrals.ts(8,23): error TS2307: Cannot find module 'sonner' or its corresponding type declarations.
hooks/useReseller.ts(15,23): error TS2307: Cannot find module 'sonner' or its corresponding type declarations.
hooks/useTopup.ts(8,23): error TS2307: Cannot find module 'sonner' or its corresponding type declarations.
hooks/useUser.ts(12,27): error TS2307: Cannot find module 'next/navigation' or its corresponding type declarations.
nexus-mobile/app/_layout.tsx(3,27): error TS2307: Cannot find module '@/lib/theme' or its corresponding type declarations.
nexus-mobile/app/index.tsx(36,27): error TS2322: Type '{ children: string; variant: string; }' is not assignable to type 'IntrinsicAttributes & TextProps & VariantProps<TVReturnType<UNION<{ isTruncated: { true: string; }; bold: { true: string; }; underline: { true: string; }; strikeThrough: { true: string; }; size: { ...; }; sub: { ...; }; italic: { ...; }; highlight: { ...; }; }, {} | { ...; }>, ... 5 more ..., TVReturnType<...>>> & R...'.
  Property 'variant' does not exist on type 'IntrinsicAttributes & TextProps & VariantProps<TVReturnType<UNION<{ isTruncated: { true: string; }; bold: { true: string; }; underline: { true: string; }; strikeThrough: { true: string; }; size: { ...; }; sub: { ...; }; italic: { ...; }; highlight: { ...; }; }, {} | { ...; }>, ... 5 more ..., TVReturnType<...>>> & R...'.
nexus-mobile/app/index.tsx(49,21): error TS2322: Type '"ghost"' is not assignable to type '"link" | "outline" | "solid" | undefined'.
nexus-mobile/app/index.tsx(71,7): error TS2322: Type '"icon"' is not assignable to type '"xs" | "sm" | "md" | "lg" | "xl" | undefined'.
nexus-mobile/app/index.tsx(72,7): error TS2322: Type '"ghost"' is not assignable to type '"link" | "outline" | "solid" | undefined'.
nexus-mobile/components/ui/button.tsx(1,10): error TS2305: Module '"@/components/ui/text"' has no exported member 'TextClassContext'.
nexus-mobile/components/ui/button.tsx(2,20): error TS2307: Cannot find module '@/lib/utils' or its corresponding type declarations.
nexus-mobile/components/ui/icon.tsx(1,20): error TS2307: Cannot find module '@/lib/utils' or its corresponding type declarations.
nexus-mobile/components/ui/text.tsx(1,20): error TS2307: Cannot find module '@/lib/utils' or its corresponding type declarations.
services/notification.service.ts(5,8): error TS2307: Cannot find module '@/lib/firebase-client' or its corresponding type declarations.
services/webauthn.service.ts(2,29): error TS2307: Cannot find module '@github/webauthn-json' or its corresponding type declarations.
